ASxxxx Linker V03.00 + NoICE + sdld,  page 1.
Hexadecimal  [32-Bits]

Area                                    Addr        Size        Decimal Bytes (Attributes)
--------------------------------        ----        ----        ------- ----- ------------
.  .ABS.                            00000000    00000000 =           0. bytes (ABS,CON)

      Value  Global                              Global Defined In Module
      -----  --------------------------------   ------------------------
     00000000  .__.ABS.                           cpct_strings
     00000000  l__ABS                          
     00000000  l__CABS                         
     00000000  l__DABS                         
     00000000  l__GSFINAL                      
     00000000  l__GSINIT                       
     00000000  l__HOME                         
     00000000  l__INITIALIZED                  
     00000000  l__INITIALIZER                  
     00000000  s__ABS                          
     00000000  s__ABS0                         
     00000000  s__CABS                         
     00000000  s__DABS                         
     00000100  l__ABS0                         
     00000225  l__DATA                         
     00004000  s__CODE                         
     000046E4  l__CODE                         
     000086E4  s__DATA                         
     00008909  s__GSFINAL                      
     00008909  s__GSINIT                       
     00008909  s__HOME                         
     00008909  s__INITIALIZED                  
     00008909  s__INITIALIZER                  

ASxxxx Linker V03.00 + NoICE + sdld,  page 2.
Hexadecimal  [32-Bits]

Area                                    Addr        Size        Decimal Bytes (Attributes)
--------------------------------        ----        ----        ------- ----- ------------
_CODE                               00004000    000046E4 =       18148. bytes (REL,CON)

      Value  Global                              Global Defined In Module
      -----  --------------------------------   ------------------------
     00004000  _bg_grid                           grid
     00005970  _bg_header                         header
     00005CE0  _s_basket                          basket
     00006214  _s_big_numbers_00                  big_numbers
     0000623B  _s_big_numbers_01                  big_numbers
     00006262  _s_big_numbers_02                  big_numbers
     00006289  _s_big_numbers_03                  big_numbers
     000062B0  _s_big_numbers_04                  big_numbers
     000062D7  _s_big_numbers_05                  big_numbers
     000062FE  _s_big_numbers_06                  big_numbers
     00006325  _s_big_numbers_07                  big_numbers
     0000634C  _s_big_numbers_08                  big_numbers
     00006373  _s_big_numbers_09                  big_numbers
     0000639A  _s_catty_0                         catty
     000063EF  _s_catty_1                         catty
     00006444  _s_cat_0                           cat
     00006499  _s_cat_1                           cat
     000064EE  _s_small_numbers_00                small_numbers
     000064F8  _s_small_numbers_01                small_numbers
     00006502  _s_small_numbers_02                small_numbers
     0000650C  _s_small_numbers_03                small_numbers
     00006516  _s_small_numbers_04                small_numbers
     00006520  _s_small_numbers_05                small_numbers
     0000652A  _s_small_numbers_06                small_numbers
     00006534  _s_small_numbers_07                small_numbers
     0000653E  _s_small_numbers_08                small_numbers
     00006548  _s_small_numbers_09                small_numbers
     00006552  _s_font_0                          font_chars_0
     000068A0  _g_palette0                        g_palette0
     000068B0  _main                              cpct_keyboard
     000068BB  sys_input_clean_buffer             input_system
     000068C1  sys_input_wait4anykey              input_system
     000068CE  sys_input_getKeyPressed            input_system
     000068F4  sys_input_waitKeyPressed           input_system
     00006908  sys_input_init                     input_system
     00006909  sys_input_action                   input_system
     0000690A  sys_input_selected_left            input_system
     0000690B  sys_input_selected_right           input_system
     0000690C  sys_input_generic_update           input_system
     0000692C  sys_input_update                   input_system
     00006934  sys_messages_load_window_data      messages_system
     0000698B  sys_messages_draw_window           messages_system
     000069BF  sys_messages_restore_message_bac   messages_system
     000069D2  sys_messages_show                  messages_system
     00006A57  sys_messages_draw_box              messages_system
     0000766A  sys_render_clear_buffer            cpct_keyboard
     00007676  sys_render_init                    cpct_keyboard
     0000768E  sys_render_draw_screen             cpct_keyboard
     00007701  sys_render_draw_grid               cpct_keyboard
     0000770F  sys_render_drawSpriteMaskedAlign   cpct_keyboard
ASxxxx Linker V03.00 + NoICE + sdld,  page 3.
Hexadecimal  [32-Bits]

Area                                    Addr        Size        Decimal Bytes (Attributes)
--------------------------------        ----        ----        ------- ----- ------------
_CODE                               00004000    000046E4 =       18148. bytes (REL,CON)

      Value  Global                              Global Defined In Module
      -----  --------------------------------   ------------------------
     000077CF  sys_system_disable_firmware        system_system
     000077E1  sys_text_reset_aux_txt             text_manager
     000077EC  sys_text_str_length                text_manager
     000077F8  sys_text_str_copy                  text_manager
     00007807  sys_text_str_cmp                   text_manager
     00007821  sys_text_draw_char                 text_manager
     000078A3  _char_buffer                       text_manager
     000078B5  sys_text_draw_string               text_manager
     00007904  sys_text_num2str8                  text_manager
     0000791B  sys_text_draw_small_char_number    text_manager
     00007948  sys_text_draw_small_number         text_manager
     00007980  sys_util_h_times_e                 sys_util
     000079A4  sys_util_hl_div_c                  sys_util
     000079B1  sys_util_BCD_GetEnd                sys_util
     000079BC  sys_util_BCD_Add                   sys_util
     000079C6  sys_util_BCD_Compare               sys_util
     000079D5  sys_util_get_random_number         sys_util
     000079EC  sys_util_delay                     sys_util
     00007A10  sys_util_fadeOut                   sys_util
     00007A23  sys_util_fadeIn                    sys_util
     00007A36  sys_util_temblor                   sys_util
     00007A58  sys_util_count_set_bits            sys_util
     00007A63  sys_utiL_reduce_a                  sys_util
     00007A6C  sys_game_init                      cpct_keyboard
     00007A94  sys_game_update                    cpct_keyboard
     00007B5B  man_help_init                      cpct_keyboard
     00007B66  man_help_update                    cpct_keyboard
     00007BAC  man_match_draw_hud                 cpct_keyboard
     000082AB  man_match_init                     cpct_keyboard
     000082EC  man_match_update                   cpct_keyboard
     000082F0  man_menu_draw                      cpct_keyboard
     00008332  man_menu_init                      cpct_keyboard
     00008343  man_menu_update                    cpct_keyboard
     0000839E  _cpct_setInterruptHandler          cpct_firmware
     0000839E  cpct_setInterruptHandler_asm       cpct_firmware
     000083AF  cpct_safeInterruptHandlerHook      cpct_firmware
     000083C5  cpct_getScreenToSprite_asm         cpct_sprites
     000083E7  cpct_setPalette_asm                cpct_video
     000083FA  _cpct_isKeyPressed                 cpct_keyboard
     000083FA  cpct_isKeyPressed_asm              cpct_keyboard
     00008406  cpct_setPALColour_asm              cpct_video
     00008410  cpct_drawSprite_asm                cpct_sprites
     000084B0  _cpct_keyboardStatusBuffer         cpct_keyboard
     000084BA  cpct_waitHalts_asm                 cpct_memutils
     000084BE  cpct_pens2pixelPatternPairM0_asm   cpct_sprites
     000084CC  _cpct_setSeed_mxor                 cpct_random
     000084CC  cpct_setSeed_mxor_asm              cpct_random
     000084D4  _cpct_isAnyKeyPressed              cpct_keyboard
     000084D4  cpct_isAnyKeyPressed_asm           cpct_keyboard
     000084E1  _cpct_scanKeyboard_if              cpct_keyboard
     000084E1  cpct_scanKeyboard_if_asm           cpct_keyboard
ASxxxx Linker V03.00 + NoICE + sdld,  page 4.
Hexadecimal  [32-Bits]

Area                                    Addr        Size        Decimal Bytes (Attributes)
--------------------------------        ----        ----        ------- ----- ------------
_CODE                               00004000    000046E4 =       18148. bytes (REL,CON)

      Value  Global                              Global Defined In Module
      -----  --------------------------------   ------------------------
     00008549  cpct_setVideoMode_asm              cpct_video
     00008556  _cpct_waitVSYNC                    cpct_video
     00008556  cpct_waitVSYNC_asm                 cpct_video
     0000855E  cpct_px2byteM0_asm                 cpct_sprites
     00008578  _cpct_disableFirmware              cpct_firmware
     00008578  _cpct_removeInterruptHandler       cpct_firmware
     00008578  cpct_disableFirmware_asm           cpct_firmware
     00008578  cpct_removeInterruptHandler_asm    cpct_firmware
     00008588  cpct_drawSolidBox_asm              cpct_sprites
     0000862B  _cpct_getRandom_mxor_u8            cpct_random
     0000862B  cpct_getRandom_mxor_u8_asm         cpct_random
     0000862C  cpct_randomIdx_mxor_u8             cpct_random
     00008650  _cpct_mode_rom_status              cpct_firmware
     00008651  cpct_pen2twoPixelM0_table          cpct_sprites
     00008661  cpct_getScreenPtr_asm              cpct_video
     00008673  _cpct_waitVSYNCStart               cpct_video
     00008673  cpct_waitVSYNCStart_asm            cpct_video
     00008680  cpct_drawSpriteMaskedAlignedTabl   cpct_sprites
     000086AD  _cpct_mxor32_seed                  cpct_random
     000086B1  _cpct_nextRandom_mxor_u32          cpct_random
     000086B1  cpct_nextRandom_mxor_u32_asm       cpct_random
     000086D4  dc_mode0_ct                        cpct_strings
ASxxxx Linker V03.00 + NoICE + sdld,  page 5.
Hexadecimal  [32-Bits]

Area                                    Addr        Size        Decimal Bytes (Attributes)
--------------------------------        ----        ----        ------- ----- ------------
_DATA                               000086E4    00000225 =         549. bytes (REL,CON)

      Value  Global                              Global Defined In Module
      -----  --------------------------------   ------------------------
     000086E4  sys_input_key_actions              input_system
     000086F2  _window_data                       messages_system
     0000870A  nInterrupt                         system_system
     0000870B  aux_txt                            text_manager
     0000871F  string_buffer                      sys_util
     00008740  man_help_done                      cpct_keyboard
     000087FA  man_match_player1                  cpct_keyboard
     00008800  man_match_player2                  cpct_keyboard
     00008806  man_match_num_players              cpct_keyboard
     0000882B  _match_cancelled                   cpct_keyboard
     00008906  man_menu_selected                  cpct_keyboard
     00008907  man_menu_confirmed                 cpct_keyboard
ASxxxx Linker V03.00 + NoICE + sdld,  page 6.
Hexadecimal  [32-Bits]

Area                                    Addr        Size        Decimal Bytes (Attributes)
--------------------------------        ----        ----        ------- ----- ------------
_ABS0                               00000000    00000100 =         256. bytes (ABS,CON)

      Value  Global                              Global Defined In Module
      -----  --------------------------------   ------------------------
     00000100  transparency_table                 cpct_keyboard

ASxxxx Linker V03.00 + NoICE + sdld,  page 7.

Files Linked                              [ module(s) ]

obj/assets/bg/grid.rel                    [ grid ]
obj/assets/bg/header.rel                  [ header ]
obj/assets/sprites/basket.rel             [ basket ]
obj/assets/sprites/big_numbers.rel        [ big_numbers ]
obj/assets/sprites/catty.rel              [ catty ]
obj/assets/sprites/cat.rel                [ cat ]
obj/assets/sprites/small_numbers.rel      [ small_numbers ]
obj/assets/sprites/font_chars_0.rel       [ font_chars_0 ]
obj/assets/sprites/g_palette0.rel         [ g_palette0 ]
obj/common.h.rel                          [  ]
obj/main.rel                              [ cpct_keyboard ]
obj/sys/input.h.rel                       [  ]
obj/sys/input.rel                         [ input_system ]
obj/sys/messages.h.rel                    [ messages_system ]
obj/sys/messages.rel                      [ messages_system ]
obj/sys/render.h.rel                      [  ]
obj/sys/render.rel                        [ cpct_keyboard ]
obj/sys/system.h.rel                      [ system_system ]
obj/sys/system.rel                        [ system_system ]
obj/sys/text.h.rel                        [  ]
obj/sys/text.rel                          [ text_manager ]
obj/sys/util.h.rel                        [  ]
obj/sys/util.rel                          [ sys_util ]
obj/man/game.h.rel                        [  ]
obj/man/game.rel                          [ cpct_keyboard ]
obj/man/help.h.rel                        [  ]
obj/man/help.rel                          [ cpct_keyboard ]
obj/man/match.h.rel                       [  ]
obj/man/match.rel                         [ cpct_keyboard ]
obj/man/menu.h.rel                        [  ]
obj/man/menu.rel                          [ cpct_keyboard ]


Libraries Linked                          [ object file ]

/config/workspace/cpctelera/cpctelera/cpctelera.lib
                                          [ cpct_setInterruptHandler.rel ]
/config/workspace/cpctelera/cpctelera/cpctelera.lib
                                          [ cpct_getScreenToSprite_asmbindin ]
/config/workspace/cpctelera/cpctelera/cpctelera.lib
                                          [ cpct_setPalette_asmbindings.rel ]
/config/workspace/cpctelera/cpctelera/cpctelera.lib
                                          [ cpct_isKeyPressed.rel ]
/config/workspace/cpctelera/cpctelera/cpctelera.lib
                                          [ cpct_setPALColour_asmbindings.re ]
/config/workspace/cpctelera/cpctelera/cpctelera.lib
                                          [ cpct_drawSprite_asmbindings.rel ]
/config/workspace/cpctelera/cpctelera/cpctelera.lib
                                          [ keyboard.rel ]
/config/workspace/cpctelera/cpctelera/cpctelera.lib
                                          [ cpct_waitHalts_asmbindings.rel ]
/config/workspace/cpctelera/cpctelera/cpctelera.lib
                                          [ cpct_pens2pixelPatternPairM0_asm ]
/config/workspace/cpctelera/cpctelera/cpctelera.lib
                                          [ cpct_setSeed_mxor.rel ]
/config/workspace/cpctelera/cpctelera/cpctelera.lib
                                          [ cpct_isAnyKeyPressed.rel ]
/config/workspace/cpctelera/cpctelera/cpctelera.lib
                                          [ cpct_scanKeyboard_if.rel ]
/config/workspace/cpctelera/cpctelera/cpctelera.lib
                                          [ cpct_setVideoMode_asmbindings.re ]
/config/workspace/cpctelera/cpctelera/cpctelera.lib
                                          [ cpct_waitVSYNC.rel ]
/config/workspace/cpctelera/cpctelera/cpctelera.lib
                                          [ cpct_px2byteM0_asmbindings.rel ]
/config/workspace/cpctelera/cpctelera/cpctelera.lib
                                          [ cpct_removeInterruptHandler.rel ]
/config/workspace/cpctelera/cpctelera/cpctelera.lib
                                          [ cpct_drawSolidBox_asmbindings.re ]
/config/workspace/cpctelera/cpctelera/cpctelera.lib
                                          [ cpct_getRandom_mxor_u8.rel ]
/config/workspace/cpctelera/cpctelera/cpctelera.lib
                                          [ cpc_mode_rom_status.rel ]
/config/workspace/cpctelera/cpctelera/cpctelera.lib
                                          [ cpct_pen2twoPixelM0_table.rel ]
/config/workspace/cpctelera/cpctelera/cpctelera.lib
                                          [ cpct_getScreenPtr_asmbindings.re ]
/config/workspace/cpctelera/cpctelera/cpctelera.lib
                                          [ cpct_waitVSYNCStart.rel ]
/config/workspace/cpctelera/cpctelera/cpctelera.lib
                                          [ cpct_drawSpriteMaskedAlignedTabl ]
/config/workspace/cpctelera/cpctelera/cpctelera.lib
                                          [ cpct_mxor32_seed.rel ]
/config/workspace/cpctelera/cpctelera/cpctelera.lib
                                          [ cpct_nextRandom_mxor_u32.rel ]
/config/workspace/cpctelera/cpctelera/cpctelera.lib
                                          [ cpct_dc_mode0_ct.rel ]

ASxxxx Linker V03.00 + NoICE + sdld,  page 8.

User Base Address Definitions

_CODE = 0x4000
_DATA = 0x0000

